
src/App.tsx(28,3): error TS6133: 'PlantDiseaseDBPage' is declared but its value is never read.
src/App.tsx(39,8): error TS1192: Module 
'"D:/Sturdy/PersonalRepository/Project-KLTN/Leafy_FE/src/features/admin/seeding/index"' has no default export.
src/App.tsx(40,8): error TS1192: Module 
'"D:/Sturdy/PersonalRepository/Project-KLTN/Leafy_FE/src/features/admin/sync/index"' has no default export.
src/features/admin/certificates/CertificateItem.tsx(36,34): error TS2304: Cannot find name 'KnownFileType'.
src/features/admin/certificates/CertificateItem.tsx(193,10): error TS6133: 'InlineProofPreview' is declared but its 
value is never read.
src/features/admin/certificates/CertificateItem.tsx(206,34): error TS2304: Cannot find name 'KnownFileType'.
src/features/admin/certificates/certificates.api.ts(3,3): error TS6196: 'ApprovalRequestDto' is declared but never 
used.
src/features/admin/certificates/pages/CertificateApprovalPage.tsx(19,8): error TS2307: Cannot find module '../api/' or 
its corresponding type declarations.
src/features/admin/certificates/pages/CertificateApprovalPage.tsx(20,30): error TS2307: Cannot find module 
'./ApprovalCard' or its corresponding type declarations.
src/features/admin/certificates/pages/CertificateApprovalPage.tsx(21,30): error TS2307: Cannot find module 
'./SkeletonCard' or its corresponding type declarations.
src/features/admin/certificates/pages/CertificateApprovalPage.tsx(22,33): error TS2307: Cannot find module 
'./CertificateItem' or its corresponding type declarations.
src/features/admin/certificates/pages/CertificateApprovalPage.tsx(24,24): error TS2307: Cannot find module 
'../../../../../' or its corresponding type declarations.
src/features/admin/certificates/pages/CertificateApprovalPage.tsx(413,38): error TS7006: Parameter 'req' implicitly 
has an 'any' type.
src/features/admin/certificates/pages/CertificateApprovalPage.tsx(445,42): error TS7006: Parameter 'req' implicitly 
has an 'any' type.
src/features/admin/farm/api/farm.api.ts(1,34): error TS2307: Cannot find module '../../../shared/types/api' or its 
corresponding type declarations.
src/features/admin/farm/api/farm.api.ts(8,8): error TS2307: Cannot find module '../types' or its corresponding type 
declarations.
src/features/admin/farm/api/farm.api.ts(9,23): error TS2307: Cannot find module '../../../lib/apiClient' or its 
corresponding type declarations.
src/features/admin/farm/api/farm.api.ts(10,31): error TS2307: Cannot find module '../../../lib/routes' or its 
corresponding type declarations.
src/features/admin/farm/api/farm.queries.ts(4,61): error TS2307: Cannot find module '../types' or its corresponding 
type declarations.
src/features/admin/farm/api/farmKeys.ts(1,61): error TS2307: Cannot find module '../types' or its corresponding type 
declarations.
src/features/admin/farm/pages/FarmOverviewPage.tsx(15,35): error TS2307: Cannot find module '../../../../../' or its 
corresponding type declarations.
src/features/admin/farm/pages/FarmOverviewPage.tsx(16,28): error TS2307: Cannot find module '../../../../../' or its 
corresponding type declarations.
src/features/admin/farm/pages/FarmOverviewPage.tsx(17,33): error TS2307: Cannot find module '../../../../../' or its 
corresponding type declarations.
src/features/admin/farm/pages/FarmOverviewPage.tsx(24,8): error TS2307: Cannot find module '../api/' or its 
corresponding type declarations.
src/features/admin/farm/pages/FarmOverviewPage.tsx(25,30): error TS2307: Cannot find module '../hooks/' or its 
corresponding type declarations.
src/features/admin/farm/pages/FarmOverviewPage.tsx(26,24): error TS2307: Cannot find module '../../../../../' or its 
corresponding type declarations.
src/features/admin/farm/pages/FarmOverviewPage.tsx(123,10): error TS6133: 'Pagination' is declared but its value is 
never read.
src/features/admin/farm/pages/FarmOverviewPage.tsx(140,10): error TS2304: Cannot find name 'ChevronLeft'.
src/features/admin/farm/pages/FarmOverviewPage.tsx(152,10): error TS2304: Cannot find name 'ChevronRight'.
src/features/admin/farm/pages/FarmOverviewPage.tsx(181,19): error TS7006: Parameter 'zone' implicitly has an 'any' 
type.
src/features/admin/farm/pages/FarmOverviewPage.tsx(453,31): error TS7006: Parameter 'p' implicitly has an 'any' type.
src/features/admin/farm/pages/FarmOverviewPage.tsx(501,28): error TS7006: Parameter 's' implicitly has an 'any' type.
src/features/admin/farm/pages/FarmOverviewPage.tsx(531,21): error TS7006: Parameter 'plot' implicitly has an 'any' 
type.
src/features/admin/farm/pages/FarmOverviewPage.tsx(686,28): error TS7006: Parameter 's' implicitly has an 'any' type.
src/features/admin/farm/pages/FarmOverviewPage.tsx(723,21): error TS7006: Parameter 'zone' implicitly has an 'any' 
type.
src/features/admin/farm/pages/FarmPlotDetailPage.tsx(1,1): error TS6133: 'useState' is declared but its value is never 
read.
src/features/admin/farm/pages/FarmPlotDetailPage.tsx(11,3): error TS6133: 'ChevronDown' is declared but its value is 
never read.
src/features/admin/farm/pages/FarmPlotDetailPage.tsx(12,3): error TS6133: 'ChevronUp' is declared but its value is 
never read.
src/features/admin/farm/pages/FarmPlotDetailPage.tsx(24,8): error TS2307: Cannot find module '../api/' or its 
corresponding type declarations.
src/features/admin/farm/pages/FarmPlotDetailPage.tsx(25,30): error TS2307: Cannot find module '../hooks/' or its 
corresponding type declarations.
src/features/admin/farm/pages/FarmPlotDetailPage.tsx(26,24): error TS2307: Cannot find module '../../../../../' or its 
corresponding type declarations.
src/features/admin/farm/pages/FarmPlotDetailPage.tsx(27,35): error TS2307: Cannot find module '../../../../../' or its 
corresponding type declarations.
src/features/admin/farm/pages/FarmPlotDetailPage.tsx(381,25): error TS7006: Parameter 'zone' implicitly has an 'any' 
type.
src/features/admin/farm/pages/FarmZoneDetailPage.tsx(21,8): error TS2307: Cannot find module '../api/' or its 
corresponding type declarations.
src/features/admin/farm/pages/FarmZoneDetailPage.tsx(22,24): error TS2307: Cannot find module '../../../../../' or its 
corresponding type declarations.
src/features/admin/health/pages/SystemHealthPage.tsx(9,33): error TS2307: Cannot find module '../api/' or its 
corresponding type declarations.
src/features/admin/health/pages/SystemHealthPage.tsx(182,39): error TS7006: Parameter 'svc' implicitly has an 'any' 
type.
src/features/admin/overview/pages/AdminOverviewPage.tsx(3,23): error TS2307: Cannot find module '../../../../../' or 
its corresponding type declarations.
src/features/admin/overview/pages/AdminOverviewPage.tsx(4,31): error TS2307: Cannot find module '../../../../../' or 
its corresponding type declarations.
src/features/admin/overview/pages/AdminOverviewPage.tsx(5,34): error TS2307: Cannot find module '../../../../../' or 
its corresponding type declarations.
src/features/admin/plant-disease/api/plantEvents.api.ts(1,23): error TS2307: Cannot find module 
'../../../lib/apiClient' or its corresponding type declarations.
src/features/admin/plant-disease/api/plantEvents.api.ts(2,31): error TS2307: Cannot find module '../../../lib/routes' 
or its corresponding type declarations.
src/features/admin/plant-disease/api/plantEvents.api.ts(3,34): error TS2307: Cannot find module 
'../../../shared/types/api' or its corresponding type declarations.
src/features/admin/plant-disease/api/plantEvents.api.ts(4,58): error TS2307: Cannot find module './types' or its 
corresponding type declarations.
src/features/admin/plant-disease/api/plantEvents.api.ts(5,15): error TS2305: Module '"../types"' has no exported 
member 'SpringPage'.
src/features/admin/plant-disease/api/plantEvents.queries.ts(4,43): error TS2307: Cannot find module './types' or its 
corresponding type declarations.
src/features/admin/plant-disease/api/plants.api.ts(1,23): error TS2307: Cannot find module '../../../lib/apiClient' or 
its corresponding type declarations.
src/features/admin/plant-disease/api/plants.api.ts(2,31): error TS2307: Cannot find module '../../../lib/routes' or 
its corresponding type declarations.
src/features/admin/plant-disease/api/plants.api.ts(3,34): error TS2307: Cannot find module '../../../shared/types/api' 
or its corresponding type declarations.
src/features/admin/plant-disease/api/plants.api.ts(4,48): error TS2307: Cannot find module './types' or its 
corresponding type declarations.
src/features/admin/plant-disease/api/plants.api.ts(5,15): error TS2305: Module '"../types"' has no exported member 
'SpringPage'.
src/features/admin/plant-disease/api/plants.queries.ts(4,38): error TS2307: Cannot find module './types' or its 
corresponding type declarations.
src/features/admin/plant-disease/api/species.api.ts(1,23): error TS2307: Cannot find module '../../../lib/apiClient' 
or its corresponding type declarations.
src/features/admin/plant-disease/api/species.api.ts(2,31): error TS2307: Cannot find module '../../../lib/routes' or 
its corresponding type declarations.
src/features/admin/plant-disease/api/species.api.ts(3,34): error TS2307: Cannot find module 
'../../../shared/types/api' or its corresponding type declarations.
src/features/admin/plant-disease/api/species.api.ts(9,8): error TS2307: Cannot find module './types' or its 
corresponding type declarations.
src/features/admin/plant-disease/api/species.api.ts(10,15): error TS2305: Module '"../types"' has no exported member 
'SpringPage'.
src/features/admin/plant-disease/api/species.queries.ts(8,8): error TS2307: Cannot find module './types' or its 
corresponding type declarations.
src/features/admin/plant-disease/api/treatmentPlans.api.ts(1,23): error TS2307: Cannot find module 
'../../../lib/apiClient' or its corresponding type declarations.
src/features/admin/plant-disease/api/treatmentPlans.api.ts(2,31): error TS2307: Cannot find module 
'../../../lib/routes' or its corresponding type declarations.
src/features/admin/plant-disease/api/treatmentPlans.api.ts(3,34): error TS2307: Cannot find module 
'../../../shared/types/api' or its corresponding type declarations.
src/features/admin/plant-disease/api/treatmentPlans.api.ts(8,8): error TS2307: Cannot find module './types' or its 
corresponding type declarations.
src/features/admin/plant-disease/api/treatmentPlans.api.ts(9,15): error TS2305: Module '"../types"' has no exported 
member 'SpringPage'.
src/features/admin/plant-disease/api/treatmentPlans.queries.ts(4,63): error TS2307: Cannot find module './types' or 
its corresponding type declarations.
src/features/admin/plant-disease/pages/DiseasePage.tsx(3,28): error TS2307: Cannot find module '../../../../../' or 
its corresponding type declarations.
src/features/admin/plant-disease/pages/DiseasePage.tsx(4,33): error TS2307: Cannot find module '../../../../../' or 
its corresponding type declarations.
src/features/admin/plant-disease/pages/DiseasePage.tsx(10,8): error TS2307: Cannot find module '../api/' or its 
corresponding type declarations.
src/features/admin/plant-disease/pages/DiseasePage.tsx(11,63): error TS2307: Cannot find module './types' or its 
corresponding type declarations.
src/features/admin/plant-disease/pages/DiseasePage.tsx(189,28): error TS7006: Parameter 's' implicitly has an 'any' 
type.
src/features/admin/plant-disease/pages/DiseasePage.tsx(214,21): error TS7006: Parameter 'plan' implicitly has an 'any' 
type.
src/features/admin/plant-disease/pages/PlantDetailPage.tsx(12,26): error TS2307: Cannot find module '../api/' or its 
corresponding type declarations.
src/features/admin/plant-disease/pages/PlantDiseaseDBPage.tsx(15,28): error TS2307: Cannot find module 
'../../../../../' or its corresponding type declarations.
src/features/admin/plant-disease/pages/PlantDiseaseDBPage.tsx(16,33): error TS2307: Cannot find module 
'../../../../../' or its corresponding type declarations.
src/features/admin/plant-disease/pages/PlantDiseaseDBPage.tsx(17,35): error TS2307: Cannot find module 
'../../../../../' or its corresponding type declarations.
src/features/admin/plant-disease/pages/PlantDiseaseDBPage.tsx(19,24): error TS2307: Cannot find module 
'../../../../../' or its corresponding type declarations.
src/features/admin/plant-disease/pages/PlantDiseaseDBPage.tsx(20,48): error TS2307: Cannot find module '../api/' or 
its corresponding type declarations.
src/features/admin/plant-disease/pages/PlantDiseaseDBPage.tsx(27,8): error TS2307: Cannot find module '../api/' or its 
corresponding type declarations.
src/features/admin/plant-disease/pages/PlantDiseaseDBPage.tsx(31,8): error TS2307: Cannot find module '../api/' or its 
corresponding type declarations.
src/features/admin/plant-disease/pages/PlantDiseaseDBPage.tsx(42,8): error TS2307: Cannot find module './types' or its 
corresponding type declarations.
src/features/admin/plant-disease/pages/PlantDiseaseDBPage.tsx(88,10): error TS6133: 'EmptyState' is declared but its 
value is never read.
src/features/admin/plant-disease/pages/PlantDiseaseDBPage.tsx(97,10): error TS6133: 'ErrorState' is declared but its 
value is never read.
src/features/admin/plant-disease/pages/PlantDiseaseDBPage.tsx(100,8): error TS2304: Cannot find name 'AlertCircle'.
src/features/admin/plant-disease/pages/PlantDiseaseDBPage.tsx(253,14): error TS7006: Parameter 'prev' implicitly has 
an 'any' type.
src/features/admin/plant-disease/pages/PlantDiseaseDBPage.tsx(539,10): error TS7006: Parameter 's' implicitly has an 
'any' type.
src/features/admin/plant-disease/pages/PlantDiseaseDBPage.tsx(596,21): error TS7006: Parameter 'res' implicitly has an 
'any' type.
src/features/admin/plant-disease/pages/PlantDiseaseDBPage.tsx(653,28): error TS7006: Parameter 's' implicitly has an 
'any' type.
src/features/admin/plant-disease/pages/PlantDiseaseDBPage.tsx(682,31): error TS7006: Parameter 's' implicitly has an 
'any' type.
src/features/admin/plant-disease/pages/PlantDiseaseDBPage.tsx(810,28): error TS7006: Parameter 's' implicitly has an 
'any' type.
src/features/admin/plant-disease/pages/PlantDiseaseDBPage.tsx(835,22): error TS7006: Parameter 'p' implicitly has an 
'any' type.
src/features/admin/plant-disease/pages/PlantDiseaseDBPage.tsx(878,7): error TS6133: 'EVENT_FILTER_OPTIONS' is declared 
but its value is never read.
src/features/admin/plant-disease/pages/PlantDiseaseDBPage.tsx(1177,28): error TS7006: Parameter 's' implicitly has an 
'any' type.
src/features/admin/plant-disease/pages/PlantDiseaseDBPage.tsx(1202,22): error TS7006: Parameter 'ev' implicitly has an 
'any' type.
src/features/admin/plant-disease/pages/PlantEventDetailPage.tsx(13,31): error TS2307: Cannot find module '../api/' or 
its corresponding type declarations.
src/features/admin/plant-disease/pages/SpeciesDetailPage.tsx(14,28): error TS2307: Cannot find module '../api/' or its 
corresponding type declarations.
src/features/admin/plant-disease/pages/SpeciesDetailPage.tsx(176,49): error TS7006: Parameter 'did' implicitly has an 
'any' type.
src/features/admin/profiles/pages/ProfileDetailPage.tsx(29,8): error TS2307: Cannot find module '../api/' or its 
corresponding type declarations.
src/features/admin/profiles/pages/ProfileDetailPage.tsx(30,51): error TS2307: Cannot find module 
'../../farm/farm.queries' or its corresponding type declarations.
src/features/admin/profiles/pages/ProfileDetailPage.tsx(31,37): error TS2307: Cannot find module 
'../../plant-disease/plants.queries' or its corresponding type declarations.
src/features/admin/profiles/pages/ProfileDetailPage.tsx(32,24): error TS2307: Cannot find module '../../../../../' or 
its corresponding type declarations.
src/features/admin/profiles/pages/ProfileDetailPage.tsx(214,29): error TS7006: Parameter 'zone' implicitly has an 
'any' type.
src/features/admin/profiles/pages/ProfileDetailPage.tsx(278,30): error TS7006: Parameter 'plant' implicitly has an 
'any' type.
src/features/admin/profiles/pages/ProfileDetailPage.tsx(377,27): error TS7006: Parameter 'plot' implicitly has an 
'any' type.
src/features/admin/profiles/pages/ProfileDetailPage.tsx(696,42): error TS7006: Parameter 'cert' implicitly has an 
'any' type.
src/features/admin/profiles/pages/ProfileManagementPage.tsx(4,35): error TS2307: Cannot find module '../../../../../' 
or its corresponding type declarations.
src/features/admin/profiles/pages/ProfileManagementPage.tsx(5,28): error TS2307: Cannot find module '../../../../../' 
or its corresponding type declarations.
src/features/admin/profiles/pages/ProfileManagementPage.tsx(6,33): error TS2307: Cannot find module '../../../../../' 
or its corresponding type declarations.
src/features/admin/profiles/pages/ProfileManagementPage.tsx(7,34): error TS2307: Cannot find module '../api/' or its 
corresponding type declarations.
src/features/admin/profiles/pages/ProfileManagementPage.tsx(9,24): error TS2307: Cannot find module '../../../../../' 
or its corresponding type declarations.
src/features/admin/profiles/pages/ProfileManagementPage.tsx(389,28): error TS7006: Parameter 's' implicitly has an 
'any' type.
src/features/admin/profiles/pages/ProfileManagementPage.tsx(418,24): error TS7006: Parameter 'profile' implicitly has 
an 'any' type.
src/features/admin/seeding/pages/DataSeedingPage.tsx(23,8): error TS2307: Cannot find module '../api/' or its 
corresponding type declarations.
src/features/admin/sync/pages/DataSyncPage.tsx(29,8): error TS2307: Cannot find module '../api/' or its corresponding 
type declarations.
src/features/admin/sync/pages/DataSyncPage.tsx(30,37): error TS2307: Cannot find module '../api/' or its corresponding 
type declarations.
src/features/admin/sync/pages/DataSyncPage.tsx(138,19): error TS7006: Parameter 'res' implicitly has an 'any' type.
src/features/admin/sync/pages/DataSyncPage.tsx(148,19): error TS7006: Parameter 'res' implicitly has an 'any' type.
src/features/admin/sync/pages/DataSyncPage.tsx(409,28): error TS7006: Parameter 'event' implicitly has an 'any' type.
src/features/admin/users/api/userKeys.ts(1,37): error TS2307: Cannot find module '../types' or its corresponding type 
declarations.
src/features/admin/users/api/users.api.ts(1,34): error TS2307: Cannot find module '../../../shared/types/api' or its 
corresponding type declarations.
src/features/admin/users/api/users.api.ts(2,63): error TS2307: Cannot find module '../types' or its corresponding type 
declarations.
src/features/admin/users/api/users.api.ts(3,23): error TS2307: Cannot find module '../../../lib/apiClient' or its 
corresponding type declarations.
src/features/admin/users/api/users.api.ts(4,31): error TS2307: Cannot find module '../../../lib/routes' or its 
corresponding type declarations.
src/features/admin/users/api/users.queries.ts(4,37): error TS2307: Cannot find module '../types' or its corresponding 
type declarations.
src/features/admin/users/pages/UserManagementPage.tsx(3,28): error TS2307: Cannot find module '../../../../../' or its 
corresponding type declarations.
src/features/admin/users/pages/UserManagementPage.tsx(4,33): error TS2307: Cannot find module '../../../../../' or its 
corresponding type declarations.
src/features/admin/users/pages/UserManagementPage.tsx(10,8): error TS2307: Cannot find module '../api/' or its 
corresponding type declarations.
src/features/admin/users/pages/UserManagementPage.tsx(11,30): error TS2307: Cannot find module '../../../../../' or 
its corresponding type declarations.
src/features/admin/users/pages/UserManagementPage.tsx(193,39): error TS7006: Parameter 's' implicitly has an 'any' 
type.
src/features/admin/users/pages/UserManagementPage.tsx(273,28): error TS7006: Parameter 's' implicitly has an 'any' 
type.
src/features/admin/users/pages/UserManagementPage.tsx(302,21): error TS7006: Parameter 'user' implicitly has an 'any' 
type.
src/features/rag-chat/components/TreatmentPlanCalendar.tsx(1,8): error TS6133: 'React' is declared but its value is 
never read.
src/features/rag-chat/components/TreatmentPlanCalendar.tsx(2,51): error TS6133: 'List' is declared but its value is 
never read.
src/features/rag-chat/pages/RagChatPage.tsx(4,3): error TS6133: 'AlertTriangle' is declared but its value is never 
read.
src/features/rag-chat/pages/RagChatPage.tsx(8,3): error TS6133: 'CalendarCheck2' is declared but its value is never 
read.
src/features/rag-chat/pages/RagChatPage.tsx(9,3): error TS6133: 'ChevronDown' is declared but its value is never read.
src/features/rag-chat/pages/RagChatPage.tsx(10,3): error TS6133: 'ChevronUp' is declared but its value is never read.
src/features/rag-chat/pages/RagChatPage.tsx(19,3): error TS6133: 'ShieldAlert' is declared but its value is never read.
src/features/rag-chat/pages/RagChatPage.tsx(30,24): error TS2307: Cannot find module '../../../../../' or its 
corresponding type declarations.
src/features/rag-chat/pages/RagChatPage.tsx(37,8): error TS2307: Cannot find module '../../types' or its corresponding 
type declarations.
src/features/rag-chat/pages/RagChatPage.tsx(212,7): error TS6133: 'getEventColor' is declared but its value is never 
read.
src/features/rag-chat/pages/RagChatPage.tsx(837,37): error TS7006: Parameter 'doc' implicitly has an 'any' type.
src/features/rag-chat/pages/RagChatPage.tsx(837,42): error TS7006: Parameter 'index' implicitly has an 'any' type.
src/features/rag-chat/pages/RagChatPage.tsx(865,38): error TS7006: Parameter 'result' implicitly has an 'any' type.
src/features/rag-chat/pages/RagChatPage.tsx(865,46): error TS7006: Parameter 'index' implicitly has an 'any' type.
src/features/rag-chat/pages/RagChatPage.tsx(900,19): error TS6133: 'schedule' is declared but its value is never read.
src/features/rag-chat/pages/RagChatPage.tsx(901,19): error TS6133: 'requiredInputs' is declared but its value is never 
read.
src/features/rag-chat/pages/RagChatPage.tsx(904,19): error TS6133: 'safetyWarnings' is declared but its value is never 
read.
src/features/rag-chat/pages/RagChatPage.tsx(907,19): error TS6133: 'successIndicators' is declared but its value is 
never read.
src/features/rag-chat/pages/RagChatPage.tsx(908,19): error TS6133: 'planCost' is declared but its value is never read.
src/features/rag-chat/pages/RagChatPage.tsx(909,19): error TS6133: 'source' is declared but its value is never read.
src/features/rag-chat/pages/RagTreatmentPlanDetailPage.tsx(14,39): error TS2307: Cannot find module 
'../../components/TreatmentPlanCalendar' or its corresponding type declarations.


